../Core/Src/screen.c:50:13:IR_MapToCanvas	32	static
../Core/Src/screen.c:59:13:IR_Debug_DrawRxStatus	152	static
../Core/Src/screen.c:81:13:IR_UartPollAndParse	64	static
../Core/Src/screen.c:155:13:Display_InfraFollow	48	static
../Core/Src/screen.c:185:13:InfraFollow_Handle	8	static
../Core/Src/screen.c:197:6:rtp_test	56	static
../Core/Src/screen.c:321:6:Display_ConnectionStatus	24	static
../Core/Src/screen.c:332:6:Display_ShowMainMenu	48	static
../Core/Src/screen.c:366:6:Display_ShowSubMenu	24	static
../Core/Src/screen.c:373:6:Display_RoutePlanning	16	static
../Core/Src/screen.c:401:6:Display_ShowMessage	24	static
